// Jest Snapshot v1, https://goo.gl/fbAQLP

exports[`renders correctly 1`] = `
<div
  className="css-0"
>
  <img
    className="css-1qz7riz"
    onClick={[Function]}
    src="https://image.flaticon.com/icons/svg/1159/1159633.svg"
  />
</div>
`;
